// Jest Snapshot v1, https://goo.gl/fbAQLP

exports[`App component should render App correclty 1`] = `
<div
  className="container"
>
  <Header />
  <div
    className="pages p-2"
  >
    <Switch>
      <Route
        component={[Function]}
        exact={true}
        path="/"
      />
      <Route
        component={
          Object {
            "$$typeof": Symbol(react.memo),
            "WrappedComponent": [Function],
            "compare": null,
            "displayName": "Connect(StackPage)",
            "type": [Function],
          }
        }
        exact={true}
        path="/stack"
      />
      <Route
        component={[Function]}
        exact={true}
        path="/stack-registeration"
      />
    </Switch>
  </div>
</div>
`;
