// Jest Snapshot v1, https://goo.gl/fbAQLP

exports[`Card component should render Card correclty 1`] = `
<div
  className="card border rounded m-2 p-2 d-flex  flex-row justify-content-between align-items-center"
  onClick={[Function]}
>
  <div
    className="card-prompt text-left"
  >
    <h4
      className="m-0"
    >
      test prompt
    </h4>
  </div>
  <div
    className="card-answer text-right"
  >
    <h4
      className="m-0 text-hidden"
    >
      test answer
    </h4>
  </div>
</div>
`;
